Symbol: _FF_BOOTING (aclamp_opt) = 0000
Symbol: _FF_UNIFIED_IO (aclamp_opt) = 0000
Symbol: aclamp (aclamp_opt) = 002C
Symbol: atrv (aclamp_opt) = 0081
Symbol: AttrMask (aclamp_opt) = 00F0
Symbol: BMAPSZ (aclamp_opt) = 0020
Symbol: C$Comma (aclamp_opt) = 002C
Symbol: C$Period (aclamp_opt) = 002E
Symbol: C$Space (aclamp_opt) = 0020
Symbol: Carry (aclamp_opt) = 0001
Symbol: CM$DevCnt (aclamp_opt) = 000D
Symbol: CM$Feature1 (aclamp_opt) = 0016
Symbol: CM$Feature2 (aclamp_opt) = 0017
Symbol: CM$GoMod (aclamp_opt) = 0010
Symbol: CM$MaxMem (aclamp_opt) = 0009
Symbol: CM$OSLevel (aclamp_opt) = 0012
Symbol: CM$OSMajor (aclamp_opt) = 0014
Symbol: CM$OSMinor (aclamp_opt) = 0015
Symbol: CM$OSVer (aclamp_opt) = 0013
Symbol: CM$PollCnt (aclamp_opt) = 000C
Symbol: CM$TickMod (aclamp_opt) = 000E
Symbol: Condem (aclamp_opt) = 0002
Symbol: CRCCon1 (aclamp_opt) = 0080
Symbol: CRCCon23 (aclamp_opt) = 0FE3
Symbol: CRCOff (aclamp_opt) = 0000
Symbol: CRCOn (aclamp_opt) = 0001
Symbol: D$GSTA (aclamp_opt) = 0009
Symbol: D$INIT (aclamp_opt) = 0000
Symbol: D$PSTA (aclamp_opt) = 000C
Symbol: D$READ (aclamp_opt) = 0003
Symbol: D$TERM (aclamp_opt) = 000F
Symbol: D$WRIT (aclamp_opt) = 0006
Symbol: D.AProcQ (aclamp_opt) = 004D
Symbol: D.Boot (aclamp_opt) = 0070
Symbol: D.BTHI (aclamp_opt) = 006C
Symbol: D.BTLO (aclamp_opt) = 006A
Symbol: D.Clock (aclamp_opt) = 006E
Symbol: D.CRC (aclamp_opt) = 0075
Symbol: D.Day (aclamp_opt) = 0055
Symbol: D.DevTbl (aclamp_opt) = 0064
Symbol: D.FIRQ (aclamp_opt) = 0030
Symbol: D.FMBM (aclamp_opt) = 0020
Symbol: D.Hour (aclamp_opt) = 0056
Symbol: D.Init (aclamp_opt) = 002A
Symbol: D.IOMH (aclamp_opt) = 0062
Symbol: D.IOML (aclamp_opt) = 0060
Symbol: D.IRQ (aclamp_opt) = 0032
Symbol: D.Min (aclamp_opt) = 0057
Symbol: D.MLIM (aclamp_opt) = 0024
Symbol: D.ModDir (aclamp_opt) = 0026
Symbol: D.Month (aclamp_opt) = 0054
Symbol: D.NMI (aclamp_opt) = 0036
Symbol: D.Poll (aclamp_opt) = 003A
Symbol: D.PolTbl (aclamp_opt) = 0066
Symbol: D.PrcDBT (aclamp_opt) = 0049
Symbol: D.Proc (aclamp_opt) = 004B
Symbol: D.PthDBT (aclamp_opt) = 0068
Symbol: D.Sec (aclamp_opt) = 0058
Symbol: D.Slice (aclamp_opt) = 0048
Symbol: D.SProcQ (aclamp_opt) = 0051
Symbol: D.SvcIRQ (aclamp_opt) = 0038
Symbol: D.SWI (aclamp_opt) = 0034
Symbol: D.SWI2 (aclamp_opt) = 002E
Symbol: D.SWI3 (aclamp_opt) = 002C
Symbol: D.SysDis (aclamp_opt) = 0046
Symbol: D.SysIRQ (aclamp_opt) = 003E
Symbol: D.SysSvc (aclamp_opt) = 0042
Symbol: D.Tick (aclamp_opt) = 005D
Symbol: D.Ticks (aclamp_opt) = 0059
Symbol: D.Time (aclamp_opt) = 0053
Symbol: D.TSec (aclamp_opt) = 005E
Symbol: D.TSlice (aclamp_opt) = 005F
Symbol: D.URtoSs (aclamp_opt) = 0071
Symbol: D.UsrDis (aclamp_opt) = 0044
Symbol: D.UsrIRQ (aclamp_opt) = 003C
Symbol: D.UsrSvc (aclamp_opt) = 0040
Symbol: D.VIRQTable (aclamp_opt) = 0073
Symbol: D.WProcQ (aclamp_opt) = 004F
Symbol: D.XFIRQ (aclamp_opt) = 010F
Symbol: D.XIRQ (aclamp_opt) = 010C
Symbol: D.XNMI (aclamp_opt) = 0109
Symbol: D.XSWI (aclamp_opt) = 0106
Symbol: D.XSWI2 (aclamp_opt) = 0103
Symbol: D.XSWI3 (aclamp_opt) = 0100
Symbol: D.Year (aclamp_opt) = 0053
Symbol: Data (aclamp_opt) = 0040
Symbol: Dead (aclamp_opt) = 0001
Symbol: DefIOSiz (aclamp_opt) = 000C
Symbol: dest (aclamp_opt) = 0020
Symbol: Devic (aclamp_opt) = 00F0
Symbol: DEVSIZ (aclamp_opt) = 0009
Symbol: DIR. (aclamp_opt) = 0080
Symbol: Drivr (aclamp_opt) = 00E0
Symbol: DT.Pipe (aclamp_opt) = 0002
Symbol: DT.RBF (aclamp_opt) = 0001
Symbol: DT.SCF (aclamp_opt) = 0000
Symbol: E$BMCRC (aclamp_opt) = 00E8
Symbol: E$BMHP (aclamp_opt) = 00EC
Symbol: E$BMID (aclamp_opt) = 00CD
Symbol: E$BMode (aclamp_opt) = 00CB
Symbol: E$BNam (aclamp_opt) = 00EB
Symbol: E$BPAddr (aclamp_opt) = 00D2
Symbol: E$BPNam (aclamp_opt) = 00D7
Symbol: E$BPNum (aclamp_opt) = 00C9
Symbol: E$BPrcID (aclamp_opt) = 00E0
Symbol: E$BTyp (aclamp_opt) = 00F9
Symbol: E$CEF (aclamp_opt) = 00DA
Symbol: E$CRC (aclamp_opt) = 00F3
Symbol: E$DeadLk (aclamp_opt) = 00FE
Symbol: E$DelSP (aclamp_opt) = 00DF
Symbol: E$DevBsy (aclamp_opt) = 00FA
Symbol: E$DevOvf (aclamp_opt) = 00CC
Symbol: E$DIDC (aclamp_opt) = 00FB
Symbol: E$DirFul (aclamp_opt) = 00CE
Symbol: E$DNE (aclamp_opt) = 00EE
Symbol: E$EOF (aclamp_opt) = 00D3
Symbol: E$FNA (aclamp_opt) = 00D6
Symbol: E$Full (aclamp_opt) = 00F8
Symbol: E$IBA (aclamp_opt) = 00DB
Symbol: E$IForkP (aclamp_opt) = 00E6
Symbol: E$IPrcID (aclamp_opt) = 00E0
Symbol: E$ISWI (aclamp_opt) = 00E3
Symbol: E$KwnMod (aclamp_opt) = 00E7
Symbol: E$Lock (aclamp_opt) = 00FC
Symbol: E$MemFul (aclamp_opt) = 00CF
Symbol: E$MNF (aclamp_opt) = 00DD
Symbol: E$ModBsy (aclamp_opt) = 00D1
Symbol: E$NEMod (aclamp_opt) = 00EA
Symbol: E$NES (aclamp_opt) = 00D5
Symbol: E$NoChld (aclamp_opt) = 00E2
Symbol: E$NoRAM (aclamp_opt) = 00ED
Symbol: E$NoTask (aclamp_opt) = 00EF
Symbol: E$NotRdy (aclamp_opt) = 00F6
Symbol: E$PNNF (aclamp_opt) = 00D8
Symbol: E$Poll (aclamp_opt) = 00CA
Symbol: E$PrcAbt (aclamp_opt) = 00E4
Symbol: E$PrcFul (aclamp_opt) = 00E5
Symbol: E$PthFul (aclamp_opt) = 00C8
Symbol: E$Read (aclamp_opt) = 00F4
Symbol: E$Sect (aclamp_opt) = 00F1
Symbol: E$Seek (aclamp_opt) = 00F7
Symbol: E$Share (aclamp_opt) = 00FD
Symbol: E$SLF (aclamp_opt) = 00D9
Symbol: E$Unit (aclamp_opt) = 00F0
Symbol: E$UnkSvc (aclamp_opt) = 00D0
Symbol: E$USigP (aclamp_opt) = 00E9
Symbol: E$WP (aclamp_opt) = 00F2
Symbol: E$Write (aclamp_opt) = 00F5
Symbol: edition (aclamp_opt) = 0001
Symbol: Entire (aclamp_opt) = 0080
Symbol: eom (aclamp_opt) = 004D
Symbol: EXEC. (aclamp_opt) = 0004
Symbol: F$All64 (aclamp_opt) = 0030
Symbol: F$AllBit (aclamp_opt) = 0011
Symbol: F$AProc (aclamp_opt) = 002C
Symbol: F$Chain (aclamp_opt) = 0005
Symbol: F$CmpNam (aclamp_opt) = 000F
Symbol: F$CRC (aclamp_opt) = 0015
Symbol: F$DelBit (aclamp_opt) = 0012
Symbol: F$Exit (aclamp_opt) = 0006
Symbol: F$Find64 (aclamp_opt) = 002F
Symbol: F$Fork (aclamp_opt) = 0003
Symbol: F$Icpt (aclamp_opt) = 0009
Symbol: F$ID (aclamp_opt) = 000B
Symbol: F$IODel (aclamp_opt) = 0033
Symbol: F$IOQu (aclamp_opt) = 002B
Symbol: F$IRQ (aclamp_opt) = 002A
Symbol: F$Link (aclamp_opt) = 0000
Symbol: F$Load (aclamp_opt) = 0001
Symbol: F$Mem (aclamp_opt) = 0007
Symbol: F$NProc (aclamp_opt) = 002D
Symbol: F$PrsNam (aclamp_opt) = 000E
Symbol: F$Ret64 (aclamp_opt) = 0031
Symbol: F$SchBit (aclamp_opt) = 0010
Symbol: F$Send (aclamp_opt) = 0008
Symbol: F$Sleep (aclamp_opt) = 000A
Symbol: F$SPrior (aclamp_opt) = 000C
Symbol: F$SRqMem (aclamp_opt) = 0028
Symbol: F$SRtMem (aclamp_opt) = 0029
Symbol: F$SSvc (aclamp_opt) = 0032
Symbol: F$SSWI (aclamp_opt) = 000D
Symbol: F$STime (aclamp_opt) = 0014
Symbol: F$Time (aclamp_opt) = 0013
Symbol: F$UnLink (aclamp_opt) = 0002
Symbol: F$VIRQ (aclamp_opt) = 0027
Symbol: F$VModul (aclamp_opt) = 002E
Symbol: F$Wait (aclamp_opt) = 0004
Symbol: false (aclamp_opt) = 0000
Symbol: FIRQMask (aclamp_opt) = 0040
Symbol: FlMgr (aclamp_opt) = 00D0
Symbol: FMCDIR (aclamp_opt) = 0009
Symbol: FMCLOS (aclamp_opt) = 0024
Symbol: FMCREA (aclamp_opt) = 0000
Symbol: FMDLET (aclamp_opt) = 000C
Symbol: FMGSTA (aclamp_opt) = 001E
Symbol: FMMDIR (aclamp_opt) = 0006
Symbol: FMOPEN (aclamp_opt) = 0003
Symbol: FMRDLN (aclamp_opt) = 0018
Symbol: FMREAD (aclamp_opt) = 0012
Symbol: FMSEEK (aclamp_opt) = 000F
Symbol: FMSSTA (aclamp_opt) = 0021
Symbol: FMWRIT (aclamp_opt) = 0015
Symbol: FMWRLN (aclamp_opt) = 001B
Symbol: forever (aclamp_opt) = 001B
Symbol: HalfCrry (aclamp_opt) = 0020
Symbol: I$Attach (aclamp_opt) = 0080
Symbol: I$ChgDir (aclamp_opt) = 0086
Symbol: I$Close (aclamp_opt) = 008F
Symbol: I$Create (aclamp_opt) = 0083
Symbol: I$Delete (aclamp_opt) = 0087
Symbol: I$DeletX (aclamp_opt) = 0090
Symbol: I$Detach (aclamp_opt) = 0081
Symbol: I$Dup (aclamp_opt) = 0082
Symbol: I$GetStt (aclamp_opt) = 008D
Symbol: I$MakDir (aclamp_opt) = 0085
Symbol: I$Open (aclamp_opt) = 0084
Symbol: I$Read (aclamp_opt) = 0089
Symbol: I$ReadLn (aclamp_opt) = 008B
Symbol: I$Seek (aclamp_opt) = 0088
Symbol: I$SetStt (aclamp_opt) = 008E
Symbol: I$Write (aclamp_opt) = 008A
Symbol: I$WritLn (aclamp_opt) = 008C
Symbol: ImgChg (aclamp_opt) = 0010
Symbol: IntMasks (aclamp_opt) = 0050
Symbol: IRQMask (aclamp_opt) = 0010
Symbol: ISIZ. (aclamp_opt) = 0020
Symbol: IT.DTP (aclamp_opt) = 0012
Symbol: l@_002E (aclamp_opt) = 002E
Symbol: LangMask (aclamp_opt) = 000F
Symbol: M$DTyp (aclamp_opt) = 0012
Symbol: M$Exec (aclamp_opt) = 0009
Symbol: M$FMgr (aclamp_opt) = 0009
Symbol: M$ID (aclamp_opt) = 0000
Symbol: M$ID1 (aclamp_opt) = 0087
Symbol: M$ID12 (aclamp_opt) = 87CD
Symbol: M$ID2 (aclamp_opt) = 00CD
Symbol: M$IDSize (aclamp_opt) = 0009
Symbol: M$Mem (aclamp_opt) = 000B
Symbol: M$Mode (aclamp_opt) = 000D
Symbol: M$Name (aclamp_opt) = 0004
Symbol: M$Opt (aclamp_opt) = 0011
Symbol: M$Parity (aclamp_opt) = 0008
Symbol: M$PDev (aclamp_opt) = 000B
Symbol: M$Port (aclamp_opt) = 000E
Symbol: M$Revs (aclamp_opt) = 0007
Symbol: M$Size (aclamp_opt) = 0002
Symbol: M$Type (aclamp_opt) = 0006
Symbol: MD$ESize (aclamp_opt) = 0004
Symbol: MD$Link (aclamp_opt) = 0002
Symbol: MD$MPtr (aclamp_opt) = 0000
Symbol: name (aclamp_opt) = 000D
Symbol: Negative (aclamp_opt) = 0008
Symbol: NumPaths (aclamp_opt) = 0010
Symbol: Objct (aclamp_opt) = 0001
Symbol: ok2@_003E (aclamp_opt) = 003E
Symbol: ok@_0038 (aclamp_opt) = 0038
Symbol: P$ADDR (aclamp_opt) = 0007
Symbol: P$Age (aclamp_opt) = 000C
Symbol: P$CHAP (aclamp_opt) = 0006
Symbol: P$CID (aclamp_opt) = 0003
Symbol: P$DIO (aclamp_opt) = 001A
Symbol: P$ID (aclamp_opt) = 0000
Symbol: P$IOQN (aclamp_opt) = 0011
Symbol: P$IOQP (aclamp_opt) = 0010
Symbol: P$NIO (aclamp_opt) = 003B
Symbol: P$PagCnt (aclamp_opt) = 0008
Symbol: P$PATH (aclamp_opt) = 0026
Symbol: P$PID (aclamp_opt) = 0001
Symbol: P$PModul (aclamp_opt) = 0012
Symbol: P$Prior (aclamp_opt) = 000B
Symbol: P$Queue (aclamp_opt) = 000E
Symbol: P$SID (aclamp_opt) = 0002
Symbol: P$SigDat (aclamp_opt) = 0039
Symbol: P$Signal (aclamp_opt) = 0036
Symbol: P$SigVec (aclamp_opt) = 0037
Symbol: P$Size (aclamp_opt) = 0040
Symbol: P$SP (aclamp_opt) = 0004
Symbol: P$State (aclamp_opt) = 000D
Symbol: P$SWI (aclamp_opt) = 0014
Symbol: P$SWI2 (aclamp_opt) = 0016
Symbol: P$SWI3 (aclamp_opt) = 0018
Symbol: P$User (aclamp_opt) = 0009
Symbol: PD.BUF (aclamp_opt) = 0008
Symbol: PD.CNT (aclamp_opt) = 0002
Symbol: PD.CPR (aclamp_opt) = 0005
Symbol: PD.DEV (aclamp_opt) = 0003
Symbol: PD.DTP (aclamp_opt) = 0020
Symbol: PD.FST (aclamp_opt) = 000A
Symbol: PD.MOD (aclamp_opt) = 0001
Symbol: PD.OPT (aclamp_opt) = 0020
Symbol: PD.PD (aclamp_opt) = 0000
Symbol: PD.RGS (aclamp_opt) = 0006
Symbol: PDELIM (aclamp_opt) = 002F
Symbol: PDIR (aclamp_opt) = 002E
Symbol: PDSIZE (aclamp_opt) = 0040
Symbol: PENTIR (aclamp_opt) = 0040
Symbol: PEXEC. (aclamp_opt) = 0020
Symbol: POLSIZ (aclamp_opt) = 0009
Symbol: PREAD. (aclamp_opt) = 0008
Symbol: Prgrm (aclamp_opt) = 0010
Symbol: PWRIT. (aclamp_opt) = 0010
Symbol: Q$Flip (aclamp_opt) = 0002
Symbol: Q$Mask (aclamp_opt) = 0003
Symbol: Q$Poll (aclamp_opt) = 0000
Symbol: Q$Prty (aclamp_opt) = 0008
Symbol: Q$Serv (aclamp_opt) = 0004
Symbol: Q$Stat (aclamp_opt) = 0006
Symbol: R$A (aclamp_opt) = 0001
Symbol: R$B (aclamp_opt) = 0002
Symbol: R$CC (aclamp_opt) = 0000
Symbol: R$D (aclamp_opt) = 0001
Symbol: R$DP (aclamp_opt) = 0003
Symbol: R$PC (aclamp_opt) = 000A
Symbol: R$Size (aclamp_opt) = 000C
Symbol: R$U (aclamp_opt) = 0008
Symbol: R$X (aclamp_opt) = 0004
Symbol: R$Y (aclamp_opt) = 0006
Symbol: READ. (aclamp_opt) = 0001
Symbol: ReEnt (aclamp_opt) = 0080
Symbol: rev (aclamp_opt) = 0001
Symbol: RevsMask (aclamp_opt) = 000F
Symbol: S$Abort (aclamp_opt) = 0002
Symbol: S$Intrpt (aclamp_opt) = 0003
Symbol: S$Kill (aclamp_opt) = 0000
Symbol: S$Wake (aclamp_opt) = 0001
Symbol: Sbrtn (aclamp_opt) = 0020
Symbol: SHARE. (aclamp_opt) = 0040
Symbol: sighandler (aclamp_opt) = 0023
Symbol: Sign (aclamp_opt) = 0080
Symbol: size (aclamp_opt) = 0128
Symbol: source (aclamp_opt) = 0000
Symbol: sourcesize (aclamp_opt) = 0020
Symbol: SS.BlkRd (aclamp_opt) = 0014
Symbol: SS.BlkWr (aclamp_opt) = 0015
Symbol: SS.Close (aclamp_opt) = 002A
Symbol: SS.ComSt (aclamp_opt) = 0028
Symbol: SS.DCmd (aclamp_opt) = 000D
Symbol: SS.DevNm (aclamp_opt) = 000E
Symbol: SS.ELog (aclamp_opt) = 0019
Symbol: SS.EOF (aclamp_opt) = 0006
Symbol: SS.FD (aclamp_opt) = 000F
Symbol: SS.Frz (aclamp_opt) = 000A
Symbol: SS.FSig (aclamp_opt) = 002C
Symbol: SS.HngUp (aclamp_opt) = 002B
Symbol: SS.Link (aclamp_opt) = 0007
Symbol: SS.Lock (aclamp_opt) = 0011
Symbol: SS.Open (aclamp_opt) = 0029
Symbol: SS.Opt (aclamp_opt) = 0000
Symbol: SS.Pos (aclamp_opt) = 0005
Symbol: SS.Ready (aclamp_opt) = 0001
Symbol: SS.Relea (aclamp_opt) = 001B
Symbol: SS.Reset (aclamp_opt) = 0003
Symbol: SS.Reten (aclamp_opt) = 0016
Symbol: SS.RFM (aclamp_opt) = 0018
Symbol: SS.RsBit (aclamp_opt) = 001E
Symbol: SS.Size (aclamp_opt) = 0002
Symbol: SS.SPT (aclamp_opt) = 000B
Symbol: SS.SSig (aclamp_opt) = 001A
Symbol: SS.Ticks (aclamp_opt) = 0010
Symbol: SS.ULink (aclamp_opt) = 0008
Symbol: SS.WFM (aclamp_opt) = 0017
Symbol: stack (aclamp_opt) = 0060
Symbol: start (aclamp_opt) = 0014
Symbol: SVCTNM (aclamp_opt) = 0002
Symbol: SVCTSZ (aclamp_opt) = 006E
Symbol: SysState (aclamp_opt) = 0080
Symbol: Systm (aclamp_opt) = 00C0
Symbol: TimOut (aclamp_opt) = 0020
Symbol: TimSleep (aclamp_opt) = 0040
Symbol: true (aclamp_opt) = 0001
Symbol: TURBOS.D (aclamp_opt) = 0001
Symbol: TURBOS.D (aclamp_opt) = 0000
Symbol: TwosOvfl (aclamp_opt) = 0002
Symbol: tylg (aclamp_opt) = 0011
Symbol: TypeMask (aclamp_opt) = 00F0
Symbol: UPDAT. (aclamp_opt) = 0003
Symbol: V$DESC (aclamp_opt) = 0004
Symbol: V$DRIV (aclamp_opt) = 0000
Symbol: V$FMGR (aclamp_opt) = 0006
Symbol: V$STAT (aclamp_opt) = 0002
Symbol: V$USRS (aclamp_opt) = 0008
Symbol: V.BUSY (aclamp_opt) = 0004
Symbol: V.LPRC (aclamp_opt) = 0003
Symbol: V.PAGE (aclamp_opt) = 0000
Symbol: V.PORT (aclamp_opt) = 0001
Symbol: V.USER (aclamp_opt) = 0006
Symbol: V.WAKE (aclamp_opt) = 0005
Symbol: Vi.Cnt (aclamp_opt) = 0000
Symbol: Vi.IFlag (aclamp_opt) = 0001
Symbol: Vi.PkSz (aclamp_opt) = 0005
Symbol: Vi.Rst (aclamp_opt) = 0002
Symbol: Vi.Stat (aclamp_opt) = 0004
Symbol: WRITE. (aclamp_opt) = 0002
Symbol: Zero (aclamp_opt) = 0004
