Symbol: _FF_BOOTING (a.out) = 0000
Symbol: _FF_UNIFIED_IO (a.out) = 0000
Symbol: aclamp (a.out) = 001A
Symbol: atrv (a.out) = 0081
Symbol: AttrMask (a.out) = 00F0
Symbol: BMAPSZ (a.out) = 0020
Symbol: C$Comma (a.out) = 002C
Symbol: C$Period (a.out) = 002E
Symbol: C$Space (a.out) = 0020
Symbol: Carry (a.out) = 0001
Symbol: CM$DevCnt (a.out) = 000D
Symbol: CM$Feature1 (a.out) = 0016
Symbol: CM$Feature2 (a.out) = 0017
Symbol: CM$GoMod (a.out) = 0010
Symbol: CM$MaxMem (a.out) = 0009
Symbol: CM$OSLevel (a.out) = 0012
Symbol: CM$OSMajor (a.out) = 0014
Symbol: CM$OSMinor (a.out) = 0015
Symbol: CM$OSVer (a.out) = 0013
Symbol: CM$PollCnt (a.out) = 000C
Symbol: CM$TickMod (a.out) = 000E
Symbol: Condem (a.out) = 0002
Symbol: CRCCon1 (a.out) = 0080
Symbol: CRCCon23 (a.out) = 0FE3
Symbol: CRCOff (a.out) = 0000
Symbol: CRCOn (a.out) = 0001
Symbol: D$GSTA (a.out) = 0009
Symbol: D$INIT (a.out) = 0000
Symbol: D$PSTA (a.out) = 000C
Symbol: D$READ (a.out) = 0003
Symbol: D$TERM (a.out) = 000F
Symbol: D$WRIT (a.out) = 0006
Symbol: D.AProcQ (a.out) = 004D
Symbol: D.Boot (a.out) = 0070
Symbol: D.BTHI (a.out) = 006C
Symbol: D.BTLO (a.out) = 006A
Symbol: D.Clock (a.out) = 006E
Symbol: D.CRC (a.out) = 0075
Symbol: D.Day (a.out) = 0055
Symbol: D.DevTbl (a.out) = 0064
Symbol: D.FIRQ (a.out) = 0030
Symbol: D.FMBM (a.out) = 0020
Symbol: D.Hour (a.out) = 0056
Symbol: D.Init (a.out) = 002A
Symbol: D.IOMH (a.out) = 0062
Symbol: D.IOML (a.out) = 0060
Symbol: D.IRQ (a.out) = 0032
Symbol: D.Min (a.out) = 0057
Symbol: D.MLIM (a.out) = 0024
Symbol: D.ModDir (a.out) = 0026
Symbol: D.Month (a.out) = 0054
Symbol: D.NMI (a.out) = 0036
Symbol: D.Poll (a.out) = 003A
Symbol: D.PolTbl (a.out) = 0066
Symbol: D.PrcDBT (a.out) = 0049
Symbol: D.Proc (a.out) = 004B
Symbol: D.PthDBT (a.out) = 0068
Symbol: D.Sec (a.out) = 0058
Symbol: D.Slice (a.out) = 0048
Symbol: D.SProcQ (a.out) = 0051
Symbol: D.SvcIRQ (a.out) = 0038
Symbol: D.SWI (a.out) = 0034
Symbol: D.SWI2 (a.out) = 002E
Symbol: D.SWI3 (a.out) = 002C
Symbol: D.SysDis (a.out) = 0046
Symbol: D.SysIRQ (a.out) = 003E
Symbol: D.SysSvc (a.out) = 0042
Symbol: D.Tick (a.out) = 005D
Symbol: D.Ticks (a.out) = 0059
Symbol: D.Time (a.out) = 0053
Symbol: D.TSec (a.out) = 005E
Symbol: D.TSlice (a.out) = 005F
Symbol: D.URtoSs (a.out) = 0071
Symbol: D.UsrDis (a.out) = 0044
Symbol: D.UsrIRQ (a.out) = 003C
Symbol: D.UsrSvc (a.out) = 0040
Symbol: D.VIRQTable (a.out) = 0073
Symbol: D.WProcQ (a.out) = 004F
Symbol: D.XFIRQ (a.out) = 010F
Symbol: D.XIRQ (a.out) = 010C
Symbol: D.XNMI (a.out) = 0109
Symbol: D.XSWI (a.out) = 0106
Symbol: D.XSWI2 (a.out) = 0103
Symbol: D.XSWI3 (a.out) = 0100
Symbol: D.Year (a.out) = 0053
Symbol: Data (a.out) = 0040
Symbol: Dead (a.out) = 0001
Symbol: DefIOSiz (a.out) = 000C
Symbol: Devic (a.out) = 00F0
Symbol: DEVSIZ (a.out) = 0009
Symbol: DIR. (a.out) = 0080
Symbol: Drivr (a.out) = 00E0
Symbol: DT.Pipe (a.out) = 0002
Symbol: DT.RBF (a.out) = 0001
Symbol: DT.SCF (a.out) = 0000
Symbol: E$BMCRC (a.out) = 00E8
Symbol: E$BMHP (a.out) = 00EC
Symbol: E$BMID (a.out) = 00CD
Symbol: E$BMode (a.out) = 00CB
Symbol: E$BNam (a.out) = 00EB
Symbol: E$BPAddr (a.out) = 00D2
Symbol: E$BPNam (a.out) = 00D7
Symbol: E$BPNum (a.out) = 00C9
Symbol: E$BPrcID (a.out) = 00E0
Symbol: E$BTyp (a.out) = 00F9
Symbol: E$CEF (a.out) = 00DA
Symbol: E$CRC (a.out) = 00F3
Symbol: E$DeadLk (a.out) = 00FE
Symbol: E$DelSP (a.out) = 00DF
Symbol: E$DevBsy (a.out) = 00FA
Symbol: E$DevOvf (a.out) = 00CC
Symbol: E$DIDC (a.out) = 00FB
Symbol: E$DirFul (a.out) = 00CE
Symbol: E$DNE (a.out) = 00EE
Symbol: E$EOF (a.out) = 00D3
Symbol: E$FNA (a.out) = 00D6
Symbol: E$Full (a.out) = 00F8
Symbol: E$IBA (a.out) = 00DB
Symbol: E$IForkP (a.out) = 00E6
Symbol: E$IPrcID (a.out) = 00E0
Symbol: E$ISWI (a.out) = 00E3
Symbol: E$KwnMod (a.out) = 00E7
Symbol: E$Lock (a.out) = 00FC
Symbol: E$MemFul (a.out) = 00CF
Symbol: E$MNF (a.out) = 00DD
Symbol: E$ModBsy (a.out) = 00D1
Symbol: E$NEMod (a.out) = 00EA
Symbol: E$NES (a.out) = 00D5
Symbol: E$NoChld (a.out) = 00E2
Symbol: E$NoRAM (a.out) = 00ED
Symbol: E$NoTask (a.out) = 00EF
Symbol: E$NotRdy (a.out) = 00F6
Symbol: E$PNNF (a.out) = 00D8
Symbol: E$Poll (a.out) = 00CA
Symbol: E$PrcAbt (a.out) = 00E4
Symbol: E$PrcFul (a.out) = 00E5
Symbol: E$PthFul (a.out) = 00C8
Symbol: E$Read (a.out) = 00F4
Symbol: E$Sect (a.out) = 00F1
Symbol: E$Seek (a.out) = 00F7
Symbol: E$Share (a.out) = 00FD
Symbol: E$SLF (a.out) = 00D9
Symbol: E$Unit (a.out) = 00F0
Symbol: E$UnkSvc (a.out) = 00D0
Symbol: E$USigP (a.out) = 00E9
Symbol: E$WP (a.out) = 00F2
Symbol: E$Write (a.out) = 00F5
Symbol: edition (a.out) = 0001
Symbol: Entire (a.out) = 0080
Symbol: eom (a.out) = 0076
Symbol: EXEC. (a.out) = 0004
Symbol: exit (a.out) = 0070
Symbol: F$All64 (a.out) = 0030
Symbol: F$AllBit (a.out) = 0011
Symbol: F$AProc (a.out) = 002C
Symbol: F$Chain (a.out) = 0005
Symbol: F$CmpNam (a.out) = 000F
Symbol: F$CRC (a.out) = 0015
Symbol: F$DelBit (a.out) = 0012
Symbol: F$Exit (a.out) = 0006
Symbol: F$Find64 (a.out) = 002F
Symbol: F$Fork (a.out) = 0003
Symbol: F$Icpt (a.out) = 0009
Symbol: F$ID (a.out) = 000B
Symbol: F$IODel (a.out) = 0033
Symbol: F$IOQu (a.out) = 002B
Symbol: F$IRQ (a.out) = 002A
Symbol: F$Link (a.out) = 0000
Symbol: F$Load (a.out) = 0001
Symbol: F$Mem (a.out) = 0007
Symbol: F$NProc (a.out) = 002D
Symbol: F$PrsNam (a.out) = 000E
Symbol: F$Ret64 (a.out) = 0031
Symbol: F$SchBit (a.out) = 0010
Symbol: F$Send (a.out) = 0008
Symbol: F$Sleep (a.out) = 000A
Symbol: F$SPrior (a.out) = 000C
Symbol: F$SRqMem (a.out) = 0028
Symbol: F$SRtMem (a.out) = 0029
Symbol: F$SSvc (a.out) = 0032
Symbol: F$SSWI (a.out) = 000D
Symbol: F$STime (a.out) = 0014
Symbol: F$Time (a.out) = 0013
Symbol: F$UnLink (a.out) = 0002
Symbol: F$VIRQ (a.out) = 0027
Symbol: F$VModul (a.out) = 002E
Symbol: F$Wait (a.out) = 0004
Symbol: false (a.out) = 0000
Symbol: FIRQMask (a.out) = 0040
Symbol: FlMgr (a.out) = 00D0
Symbol: FMCDIR (a.out) = 0009
Symbol: FMCLOS (a.out) = 0024
Symbol: FMCREA (a.out) = 0000
Symbol: FMDLET (a.out) = 000C
Symbol: FMGSTA (a.out) = 001E
Symbol: FMMDIR (a.out) = 0006
Symbol: FMOPEN (a.out) = 0003
Symbol: FMRDLN (a.out) = 0018
Symbol: FMREAD (a.out) = 0012
Symbol: FMSEEK (a.out) = 000F
Symbol: FMSSTA (a.out) = 0021
Symbol: FMWRIT (a.out) = 0015
Symbol: FMWRLN (a.out) = 001B
Symbol: forkit (a.out) = 0020
Symbol: HalfCrry (a.out) = 0020
Symbol: I$Attach (a.out) = 0080
Symbol: I$ChgDir (a.out) = 0086
Symbol: I$Close (a.out) = 008F
Symbol: I$Create (a.out) = 0083
Symbol: I$Delete (a.out) = 0087
Symbol: I$DeletX (a.out) = 0090
Symbol: I$Detach (a.out) = 0081
Symbol: I$Dup (a.out) = 0082
Symbol: I$GetStt (a.out) = 008D
Symbol: I$MakDir (a.out) = 0085
Symbol: I$Open (a.out) = 0084
Symbol: I$Read (a.out) = 0089
Symbol: I$ReadLn (a.out) = 008B
Symbol: I$Seek (a.out) = 0088
Symbol: I$SetStt (a.out) = 008E
Symbol: I$Write (a.out) = 008A
Symbol: I$WritLn (a.out) = 008C
Symbol: ImgChg (a.out) = 0010
Symbol: IntMasks (a.out) = 0050
Symbol: IRQMask (a.out) = 0010
Symbol: ISIZ. (a.out) = 0020
Symbol: IT.DTP (a.out) = 0012
Symbol: LangMask (a.out) = 000F
Symbol: loop (a.out) = 0047
Symbol: M$DTyp (a.out) = 0012
Symbol: M$Exec (a.out) = 0009
Symbol: M$FMgr (a.out) = 0009
Symbol: M$ID (a.out) = 0000
Symbol: M$ID1 (a.out) = 0087
Symbol: M$ID12 (a.out) = 87CD
Symbol: M$ID2 (a.out) = 00CD
Symbol: M$IDSize (a.out) = 0009
Symbol: M$Mem (a.out) = 000B
Symbol: M$Mode (a.out) = 000D
Symbol: M$Name (a.out) = 0004
Symbol: M$Opt (a.out) = 0011
Symbol: M$Parity (a.out) = 0008
Symbol: M$PDev (a.out) = 000B
Symbol: M$Port (a.out) = 000E
Symbol: M$Revs (a.out) = 0007
Symbol: M$Size (a.out) = 0002
Symbol: M$Type (a.out) = 0006
Symbol: MD$ESize (a.out) = 0004
Symbol: MD$Link (a.out) = 0002
Symbol: MD$MPtr (a.out) = 0000
Symbol: name (a.out) = 000D
Symbol: Negative (a.out) = 0008
Symbol: NumPaths (a.out) = 0010
Symbol: Objct (a.out) = 0001
Symbol: P$ADDR (a.out) = 0007
Symbol: P$Age (a.out) = 000C
Symbol: P$CHAP (a.out) = 0006
Symbol: P$CID (a.out) = 0003
Symbol: P$DIO (a.out) = 001A
Symbol: P$ID (a.out) = 0000
Symbol: P$IOQN (a.out) = 0011
Symbol: P$IOQP (a.out) = 0010
Symbol: P$NIO (a.out) = 003B
Symbol: P$PagCnt (a.out) = 0008
Symbol: P$PATH (a.out) = 0026
Symbol: P$PID (a.out) = 0001
Symbol: P$PModul (a.out) = 0012
Symbol: P$Prior (a.out) = 000B
Symbol: P$Queue (a.out) = 000E
Symbol: P$SID (a.out) = 0002
Symbol: P$SigDat (a.out) = 0039
Symbol: P$Signal (a.out) = 0036
Symbol: P$SigVec (a.out) = 0037
Symbol: P$Size (a.out) = 0040
Symbol: P$SP (a.out) = 0004
Symbol: P$State (a.out) = 000D
Symbol: P$SWI (a.out) = 0014
Symbol: P$SWI2 (a.out) = 0016
Symbol: P$SWI3 (a.out) = 0018
Symbol: P$User (a.out) = 0009
Symbol: PD.BUF (a.out) = 0008
Symbol: PD.CNT (a.out) = 0002
Symbol: PD.CPR (a.out) = 0005
Symbol: PD.DEV (a.out) = 0003
Symbol: PD.DTP (a.out) = 0020
Symbol: PD.FST (a.out) = 000A
Symbol: PD.MOD (a.out) = 0001
Symbol: PD.OPT (a.out) = 0020
Symbol: PD.PD (a.out) = 0000
Symbol: PD.RGS (a.out) = 0006
Symbol: PDELIM (a.out) = 002F
Symbol: PDIR (a.out) = 002E
Symbol: PDSIZE (a.out) = 0040
Symbol: PENTIR (a.out) = 0040
Symbol: PEXEC. (a.out) = 0020
Symbol: pids (a.out) = 0000
Symbol: POLSIZ (a.out) = 0009
Symbol: PREAD. (a.out) = 0008
Symbol: Prgrm (a.out) = 0010
Symbol: PWRIT. (a.out) = 0010
Symbol: Q$Flip (a.out) = 0002
Symbol: Q$Mask (a.out) = 0003
Symbol: Q$Poll (a.out) = 0000
Symbol: Q$Prty (a.out) = 0008
Symbol: Q$Serv (a.out) = 0004
Symbol: Q$Stat (a.out) = 0006
Symbol: R$A (a.out) = 0001
Symbol: R$B (a.out) = 0002
Symbol: R$CC (a.out) = 0000
Symbol: R$D (a.out) = 0001
Symbol: R$DP (a.out) = 0003
Symbol: R$PC (a.out) = 000A
Symbol: R$Size (a.out) = 000C
Symbol: R$U (a.out) = 0008
Symbol: R$X (a.out) = 0004
Symbol: R$Y (a.out) = 0006
Symbol: READ. (a.out) = 0001
Symbol: ReEnt (a.out) = 0080
Symbol: rev (a.out) = 0001
Symbol: RevsMask (a.out) = 000F
Symbol: rldec (a.out) = 0015
Symbol: rlenc (a.out) = 0010
Symbol: S$Abort (a.out) = 0002
Symbol: S$Intrpt (a.out) = 0003
Symbol: S$Kill (a.out) = 0000
Symbol: S$Wake (a.out) = 0001
Symbol: Sbrtn (a.out) = 0020
Symbol: SHARE. (a.out) = 0040
Symbol: Sign (a.out) = 0080
Symbol: size (a.out) = 00CB
Symbol: SS.BlkRd (a.out) = 0014
Symbol: SS.BlkWr (a.out) = 0015
Symbol: SS.Close (a.out) = 002A
Symbol: SS.ComSt (a.out) = 0028
Symbol: SS.DCmd (a.out) = 000D
Symbol: SS.DevNm (a.out) = 000E
Symbol: SS.ELog (a.out) = 0019
Symbol: SS.EOF (a.out) = 0006
Symbol: SS.FD (a.out) = 000F
Symbol: SS.Frz (a.out) = 000A
Symbol: SS.FSig (a.out) = 002C
Symbol: SS.HngUp (a.out) = 002B
Symbol: SS.Link (a.out) = 0007
Symbol: SS.Lock (a.out) = 0011
Symbol: SS.Open (a.out) = 0029
Symbol: SS.Opt (a.out) = 0000
Symbol: SS.Pos (a.out) = 0005
Symbol: SS.Ready (a.out) = 0001
Symbol: SS.Relea (a.out) = 001B
Symbol: SS.Reset (a.out) = 0003
Symbol: SS.Reten (a.out) = 0016
Symbol: SS.RFM (a.out) = 0018
Symbol: SS.RsBit (a.out) = 001E
Symbol: SS.Size (a.out) = 0002
Symbol: SS.SPT (a.out) = 000B
Symbol: SS.SSig (a.out) = 001A
Symbol: SS.Ticks (a.out) = 0010
Symbol: SS.ULink (a.out) = 0008
Symbol: SS.WFM (a.out) = 0017
Symbol: stack (a.out) = 0003
Symbol: start (a.out) = 002C
Symbol: SVCTNM (a.out) = 0002
Symbol: SVCTSZ (a.out) = 006E
Symbol: SysState (a.out) = 0080
Symbol: Systm (a.out) = 00C0
Symbol: TimOut (a.out) = 0020
Symbol: TimSleep (a.out) = 0040
Symbol: true (a.out) = 0001
Symbol: TURBOS.D (a.out) = 0001
Symbol: TURBOS.D (a.out) = 0000
Symbol: TwosOvfl (a.out) = 0002
Symbol: tylg (a.out) = 0011
Symbol: TypeMask (a.out) = 00F0
Symbol: UPDAT. (a.out) = 0003
Symbol: V$DESC (a.out) = 0004
Symbol: V$DRIV (a.out) = 0000
Symbol: V$FMGR (a.out) = 0006
Symbol: V$STAT (a.out) = 0002
Symbol: V$USRS (a.out) = 0008
Symbol: V.BUSY (a.out) = 0004
Symbol: V.LPRC (a.out) = 0003
Symbol: V.PAGE (a.out) = 0000
Symbol: V.PORT (a.out) = 0001
Symbol: V.USER (a.out) = 0006
Symbol: V.WAKE (a.out) = 0005
Symbol: Vi.Cnt (a.out) = 0000
Symbol: Vi.IFlag (a.out) = 0001
Symbol: Vi.PkSz (a.out) = 0005
Symbol: Vi.Rst (a.out) = 0002
Symbol: Vi.Stat (a.out) = 0004
Symbol: WRITE. (a.out) = 0002
Symbol: Zero (a.out) = 0004
