Symbol: _FF_BOOTING (rldec_opt) = 0000
Symbol: _FF_UNIFIED_IO (rldec_opt) = 0000
Symbol: atrv (rldec_opt) = 0081
Symbol: AttrMask (rldec_opt) = 00F0
Symbol: BMAPSZ (rldec_opt) = 0020
Symbol: C$Comma (rldec_opt) = 002C
Symbol: C$Period (rldec_opt) = 002E
Symbol: C$Space (rldec_opt) = 0020
Symbol: Carry (rldec_opt) = 0001
Symbol: CM$DevCnt (rldec_opt) = 000D
Symbol: CM$Feature1 (rldec_opt) = 0016
Symbol: CM$Feature2 (rldec_opt) = 0017
Symbol: CM$GoMod (rldec_opt) = 0010
Symbol: CM$MaxMem (rldec_opt) = 0009
Symbol: CM$OSLevel (rldec_opt) = 0012
Symbol: CM$OSMajor (rldec_opt) = 0014
Symbol: CM$OSMinor (rldec_opt) = 0015
Symbol: CM$OSVer (rldec_opt) = 0013
Symbol: CM$PollCnt (rldec_opt) = 000C
Symbol: CM$TickMod (rldec_opt) = 000E
Symbol: Condem (rldec_opt) = 0002
Symbol: copy_loop (rldec_opt) = 0041
Symbol: CRCCon1 (rldec_opt) = 0080
Symbol: CRCCon23 (rldec_opt) = 0FE3
Symbol: CRCOff (rldec_opt) = 0000
Symbol: CRCOn (rldec_opt) = 0001
Symbol: D$GSTA (rldec_opt) = 0009
Symbol: D$INIT (rldec_opt) = 0000
Symbol: D$PSTA (rldec_opt) = 000C
Symbol: D$READ (rldec_opt) = 0003
Symbol: D$TERM (rldec_opt) = 000F
Symbol: D$WRIT (rldec_opt) = 0006
Symbol: D.AProcQ (rldec_opt) = 004D
Symbol: D.Boot (rldec_opt) = 0070
Symbol: D.BTHI (rldec_opt) = 006C
Symbol: D.BTLO (rldec_opt) = 006A
Symbol: D.Clock (rldec_opt) = 006E
Symbol: D.CRC (rldec_opt) = 0075
Symbol: D.Day (rldec_opt) = 0055
Symbol: D.DevTbl (rldec_opt) = 0064
Symbol: D.FIRQ (rldec_opt) = 0030
Symbol: D.FMBM (rldec_opt) = 0020
Symbol: D.Hour (rldec_opt) = 0056
Symbol: D.Init (rldec_opt) = 002A
Symbol: D.IOMH (rldec_opt) = 0062
Symbol: D.IOML (rldec_opt) = 0060
Symbol: D.IRQ (rldec_opt) = 0032
Symbol: D.Min (rldec_opt) = 0057
Symbol: D.MLIM (rldec_opt) = 0024
Symbol: D.ModDir (rldec_opt) = 0026
Symbol: D.Month (rldec_opt) = 0054
Symbol: D.NMI (rldec_opt) = 0036
Symbol: D.Poll (rldec_opt) = 003A
Symbol: D.PolTbl (rldec_opt) = 0066
Symbol: D.PrcDBT (rldec_opt) = 0049
Symbol: D.Proc (rldec_opt) = 004B
Symbol: D.PthDBT (rldec_opt) = 0068
Symbol: D.Sec (rldec_opt) = 0058
Symbol: D.Slice (rldec_opt) = 0048
Symbol: D.SProcQ (rldec_opt) = 0051
Symbol: D.SvcIRQ (rldec_opt) = 0038
Symbol: D.SWI (rldec_opt) = 0034
Symbol: D.SWI2 (rldec_opt) = 002E
Symbol: D.SWI3 (rldec_opt) = 002C
Symbol: D.SysDis (rldec_opt) = 0046
Symbol: D.SysIRQ (rldec_opt) = 003E
Symbol: D.SysSvc (rldec_opt) = 0042
Symbol: D.Tick (rldec_opt) = 005D
Symbol: D.Ticks (rldec_opt) = 0059
Symbol: D.Time (rldec_opt) = 0053
Symbol: D.TSec (rldec_opt) = 005E
Symbol: D.TSlice (rldec_opt) = 005F
Symbol: D.URtoSs (rldec_opt) = 0071
Symbol: D.UsrDis (rldec_opt) = 0044
Symbol: D.UsrIRQ (rldec_opt) = 003C
Symbol: D.UsrSvc (rldec_opt) = 0040
Symbol: D.VIRQTable (rldec_opt) = 0073
Symbol: D.WProcQ (rldec_opt) = 004F
Symbol: D.XFIRQ (rldec_opt) = 010F
Symbol: D.XIRQ (rldec_opt) = 010C
Symbol: D.XNMI (rldec_opt) = 0109
Symbol: D.XSWI (rldec_opt) = 0106
Symbol: D.XSWI2 (rldec_opt) = 0103
Symbol: D.XSWI3 (rldec_opt) = 0100
Symbol: D.Year (rldec_opt) = 0053
Symbol: Data (rldec_opt) = 0040
Symbol: Dead (rldec_opt) = 0001
Symbol: DefIOSiz (rldec_opt) = 000C
Symbol: dest (rldec_opt) = 0020
Symbol: Devic (rldec_opt) = 00F0
Symbol: DEVSIZ (rldec_opt) = 0009
Symbol: DIR. (rldec_opt) = 0080
Symbol: done (rldec_opt) = 004B
Symbol: Drivr (rldec_opt) = 00E0
Symbol: DT.Pipe (rldec_opt) = 0002
Symbol: DT.RBF (rldec_opt) = 0001
Symbol: DT.SCF (rldec_opt) = 0000
Symbol: E$BMCRC (rldec_opt) = 00E8
Symbol: E$BMHP (rldec_opt) = 00EC
Symbol: E$BMID (rldec_opt) = 00CD
Symbol: E$BMode (rldec_opt) = 00CB
Symbol: E$BNam (rldec_opt) = 00EB
Symbol: E$BPAddr (rldec_opt) = 00D2
Symbol: E$BPNam (rldec_opt) = 00D7
Symbol: E$BPNum (rldec_opt) = 00C9
Symbol: E$BPrcID (rldec_opt) = 00E0
Symbol: E$BTyp (rldec_opt) = 00F9
Symbol: E$CEF (rldec_opt) = 00DA
Symbol: E$CRC (rldec_opt) = 00F3
Symbol: E$DeadLk (rldec_opt) = 00FE
Symbol: E$DelSP (rldec_opt) = 00DF
Symbol: E$DevBsy (rldec_opt) = 00FA
Symbol: E$DevOvf (rldec_opt) = 00CC
Symbol: E$DIDC (rldec_opt) = 00FB
Symbol: E$DirFul (rldec_opt) = 00CE
Symbol: E$DNE (rldec_opt) = 00EE
Symbol: E$EOF (rldec_opt) = 00D3
Symbol: E$FNA (rldec_opt) = 00D6
Symbol: E$Full (rldec_opt) = 00F8
Symbol: E$IBA (rldec_opt) = 00DB
Symbol: E$IForkP (rldec_opt) = 00E6
Symbol: E$IPrcID (rldec_opt) = 00E0
Symbol: E$ISWI (rldec_opt) = 00E3
Symbol: E$KwnMod (rldec_opt) = 00E7
Symbol: E$Lock (rldec_opt) = 00FC
Symbol: E$MemFul (rldec_opt) = 00CF
Symbol: E$MNF (rldec_opt) = 00DD
Symbol: E$ModBsy (rldec_opt) = 00D1
Symbol: E$NEMod (rldec_opt) = 00EA
Symbol: E$NES (rldec_opt) = 00D5
Symbol: E$NoChld (rldec_opt) = 00E2
Symbol: E$NoRAM (rldec_opt) = 00ED
Symbol: E$NoTask (rldec_opt) = 00EF
Symbol: E$NotRdy (rldec_opt) = 00F6
Symbol: E$PNNF (rldec_opt) = 00D8
Symbol: E$Poll (rldec_opt) = 00CA
Symbol: E$PrcAbt (rldec_opt) = 00E4
Symbol: E$PrcFul (rldec_opt) = 00E5
Symbol: E$PthFul (rldec_opt) = 00C8
Symbol: E$Read (rldec_opt) = 00F4
Symbol: E$Sect (rldec_opt) = 00F1
Symbol: E$Seek (rldec_opt) = 00F7
Symbol: E$Share (rldec_opt) = 00FD
Symbol: E$SLF (rldec_opt) = 00D9
Symbol: E$Unit (rldec_opt) = 00F0
Symbol: E$UnkSvc (rldec_opt) = 00D0
Symbol: E$USigP (rldec_opt) = 00E9
Symbol: E$WP (rldec_opt) = 00F2
Symbol: E$Write (rldec_opt) = 00F5
Symbol: edition (rldec_opt) = 0001
Symbol: Entire (rldec_opt) = 0080
Symbol: eom (rldec_opt) = 005A
Symbol: err (rldec_opt) = 0051
Symbol: EXEC. (rldec_opt) = 0004
Symbol: F$All64 (rldec_opt) = 0030
Symbol: F$AllBit (rldec_opt) = 0011
Symbol: F$AProc (rldec_opt) = 002C
Symbol: F$Chain (rldec_opt) = 0005
Symbol: F$CmpNam (rldec_opt) = 000F
Symbol: F$CRC (rldec_opt) = 0015
Symbol: F$DelBit (rldec_opt) = 0012
Symbol: F$Exit (rldec_opt) = 0006
Symbol: F$Find64 (rldec_opt) = 002F
Symbol: F$Fork (rldec_opt) = 0003
Symbol: F$Icpt (rldec_opt) = 0009
Symbol: F$ID (rldec_opt) = 000B
Symbol: F$IODel (rldec_opt) = 0033
Symbol: F$IOQu (rldec_opt) = 002B
Symbol: F$IRQ (rldec_opt) = 002A
Symbol: F$Link (rldec_opt) = 0000
Symbol: F$Load (rldec_opt) = 0001
Symbol: F$Mem (rldec_opt) = 0007
Symbol: F$NProc (rldec_opt) = 002D
Symbol: F$PrsNam (rldec_opt) = 000E
Symbol: F$Ret64 (rldec_opt) = 0031
Symbol: F$SchBit (rldec_opt) = 0010
Symbol: F$Send (rldec_opt) = 0008
Symbol: F$Sleep (rldec_opt) = 000A
Symbol: F$SPrior (rldec_opt) = 000C
Symbol: F$SRqMem (rldec_opt) = 0028
Symbol: F$SRtMem (rldec_opt) = 0029
Symbol: F$SSvc (rldec_opt) = 0032
Symbol: F$SSWI (rldec_opt) = 000D
Symbol: F$STime (rldec_opt) = 0014
Symbol: F$Time (rldec_opt) = 0013
Symbol: F$UnLink (rldec_opt) = 0002
Symbol: F$VIRQ (rldec_opt) = 0027
Symbol: F$VModul (rldec_opt) = 002E
Symbol: F$Wait (rldec_opt) = 0004
Symbol: false (rldec_opt) = 0000
Symbol: FIRQMask (rldec_opt) = 0040
Symbol: FlMgr (rldec_opt) = 00D0
Symbol: FMCDIR (rldec_opt) = 0009
Symbol: FMCLOS (rldec_opt) = 0024
Symbol: FMCREA (rldec_opt) = 0000
Symbol: FMDLET (rldec_opt) = 000C
Symbol: FMGSTA (rldec_opt) = 001E
Symbol: FMMDIR (rldec_opt) = 0006
Symbol: FMOPEN (rldec_opt) = 0003
Symbol: FMRDLN (rldec_opt) = 0018
Symbol: FMREAD (rldec_opt) = 0012
Symbol: FMSEEK (rldec_opt) = 000F
Symbol: FMSSTA (rldec_opt) = 0021
Symbol: FMWRIT (rldec_opt) = 0015
Symbol: FMWRLN (rldec_opt) = 001B
Symbol: forever (rldec_opt) = 001A
Symbol: HalfCrry (rldec_opt) = 0020
Symbol: I$Attach (rldec_opt) = 0080
Symbol: I$ChgDir (rldec_opt) = 0086
Symbol: I$Close (rldec_opt) = 008F
Symbol: I$Create (rldec_opt) = 0083
Symbol: I$Delete (rldec_opt) = 0087
Symbol: I$DeletX (rldec_opt) = 0090
Symbol: I$Detach (rldec_opt) = 0081
Symbol: I$Dup (rldec_opt) = 0082
Symbol: I$GetStt (rldec_opt) = 008D
Symbol: I$MakDir (rldec_opt) = 0085
Symbol: I$Open (rldec_opt) = 0084
Symbol: I$Read (rldec_opt) = 0089
Symbol: I$ReadLn (rldec_opt) = 008B
Symbol: I$Seek (rldec_opt) = 0088
Symbol: I$SetStt (rldec_opt) = 008E
Symbol: I$Write (rldec_opt) = 008A
Symbol: I$WritLn (rldec_opt) = 008C
Symbol: ImgChg (rldec_opt) = 0010
Symbol: IntMasks (rldec_opt) = 0050
Symbol: IRQMask (rldec_opt) = 0010
Symbol: ISIZ. (rldec_opt) = 0020
Symbol: IT.DTP (rldec_opt) = 0012
Symbol: LangMask (rldec_opt) = 000F
Symbol: loop_top (rldec_opt) = 0031
Symbol: M$DTyp (rldec_opt) = 0012
Symbol: M$Exec (rldec_opt) = 0009
Symbol: M$FMgr (rldec_opt) = 0009
Symbol: M$ID (rldec_opt) = 0000
Symbol: M$ID1 (rldec_opt) = 0087
Symbol: M$ID12 (rldec_opt) = 87CD
Symbol: M$ID2 (rldec_opt) = 00CD
Symbol: M$IDSize (rldec_opt) = 0009
Symbol: M$Mem (rldec_opt) = 000B
Symbol: M$Mode (rldec_opt) = 000D
Symbol: M$Name (rldec_opt) = 0004
Symbol: M$Opt (rldec_opt) = 0011
Symbol: M$Parity (rldec_opt) = 0008
Symbol: M$PDev (rldec_opt) = 000B
Symbol: M$Port (rldec_opt) = 000E
Symbol: M$Revs (rldec_opt) = 0007
Symbol: M$Size (rldec_opt) = 0002
Symbol: M$Type (rldec_opt) = 0006
Symbol: MD$ESize (rldec_opt) = 0004
Symbol: MD$Link (rldec_opt) = 0002
Symbol: MD$MPtr (rldec_opt) = 0000
Symbol: name (rldec_opt) = 000D
Symbol: Negative (rldec_opt) = 0008
Symbol: NumPaths (rldec_opt) = 0010
Symbol: Objct (rldec_opt) = 0001
Symbol: P$ADDR (rldec_opt) = 0007
Symbol: P$Age (rldec_opt) = 000C
Symbol: P$CHAP (rldec_opt) = 0006
Symbol: P$CID (rldec_opt) = 0003
Symbol: P$DIO (rldec_opt) = 001A
Symbol: P$ID (rldec_opt) = 0000
Symbol: P$IOQN (rldec_opt) = 0011
Symbol: P$IOQP (rldec_opt) = 0010
Symbol: P$NIO (rldec_opt) = 003B
Symbol: P$PagCnt (rldec_opt) = 0008
Symbol: P$PATH (rldec_opt) = 0026
Symbol: P$PID (rldec_opt) = 0001
Symbol: P$PModul (rldec_opt) = 0012
Symbol: P$Prior (rldec_opt) = 000B
Symbol: P$Queue (rldec_opt) = 000E
Symbol: P$SID (rldec_opt) = 0002
Symbol: P$SigDat (rldec_opt) = 0039
Symbol: P$Signal (rldec_opt) = 0036
Symbol: P$SigVec (rldec_opt) = 0037
Symbol: P$Size (rldec_opt) = 0040
Symbol: P$SP (rldec_opt) = 0004
Symbol: P$State (rldec_opt) = 000D
Symbol: P$SWI (rldec_opt) = 0014
Symbol: P$SWI2 (rldec_opt) = 0016
Symbol: P$SWI3 (rldec_opt) = 0018
Symbol: P$User (rldec_opt) = 0009
Symbol: PD.BUF (rldec_opt) = 0008
Symbol: PD.CNT (rldec_opt) = 0002
Symbol: PD.CPR (rldec_opt) = 0005
Symbol: PD.DEV (rldec_opt) = 0003
Symbol: PD.DTP (rldec_opt) = 0020
Symbol: PD.FST (rldec_opt) = 000A
Symbol: PD.MOD (rldec_opt) = 0001
Symbol: PD.OPT (rldec_opt) = 0020
Symbol: PD.PD (rldec_opt) = 0000
Symbol: PD.RGS (rldec_opt) = 0006
Symbol: PDELIM (rldec_opt) = 002F
Symbol: PDIR (rldec_opt) = 002E
Symbol: PDSIZE (rldec_opt) = 0040
Symbol: PENTIR (rldec_opt) = 0040
Symbol: PEXEC. (rldec_opt) = 0020
Symbol: POLSIZ (rldec_opt) = 0009
Symbol: PREAD. (rldec_opt) = 0008
Symbol: Prgrm (rldec_opt) = 0010
Symbol: PWRIT. (rldec_opt) = 0010
Symbol: Q$Flip (rldec_opt) = 0002
Symbol: Q$Mask (rldec_opt) = 0003
Symbol: Q$Poll (rldec_opt) = 0000
Symbol: Q$Prty (rldec_opt) = 0008
Symbol: Q$Serv (rldec_opt) = 0004
Symbol: Q$Stat (rldec_opt) = 0006
Symbol: R$A (rldec_opt) = 0001
Symbol: R$B (rldec_opt) = 0002
Symbol: R$CC (rldec_opt) = 0000
Symbol: R$D (rldec_opt) = 0001
Symbol: R$DP (rldec_opt) = 0003
Symbol: R$PC (rldec_opt) = 000A
Symbol: R$Size (rldec_opt) = 000C
Symbol: R$U (rldec_opt) = 0008
Symbol: R$X (rldec_opt) = 0004
Symbol: R$Y (rldec_opt) = 0006
Symbol: READ. (rldec_opt) = 0001
Symbol: ReEnt (rldec_opt) = 0080
Symbol: rev (rldec_opt) = 0001
Symbol: RevsMask (rldec_opt) = 000F
Symbol: rldec (rldec_opt) = 002B
Symbol: S$Abort (rldec_opt) = 0002
Symbol: S$Intrpt (rldec_opt) = 0003
Symbol: S$Kill (rldec_opt) = 0000
Symbol: S$Wake (rldec_opt) = 0001
Symbol: Sbrtn (rldec_opt) = 0020
Symbol: SHARE. (rldec_opt) = 0040
Symbol: sighandler (rldec_opt) = 0022
Symbol: Sign (rldec_opt) = 0080
Symbol: size (rldec_opt) = 0128
Symbol: source (rldec_opt) = 0000
Symbol: sourcesize (rldec_opt) = 0020
Symbol: SS.BlkRd (rldec_opt) = 0014
Symbol: SS.BlkWr (rldec_opt) = 0015
Symbol: SS.Close (rldec_opt) = 002A
Symbol: SS.ComSt (rldec_opt) = 0028
Symbol: SS.DCmd (rldec_opt) = 000D
Symbol: SS.DevNm (rldec_opt) = 000E
Symbol: SS.ELog (rldec_opt) = 0019
Symbol: SS.EOF (rldec_opt) = 0006
Symbol: SS.FD (rldec_opt) = 000F
Symbol: SS.Frz (rldec_opt) = 000A
Symbol: SS.FSig (rldec_opt) = 002C
Symbol: SS.HngUp (rldec_opt) = 002B
Symbol: SS.Link (rldec_opt) = 0007
Symbol: SS.Lock (rldec_opt) = 0011
Symbol: SS.Open (rldec_opt) = 0029
Symbol: SS.Opt (rldec_opt) = 0000
Symbol: SS.Pos (rldec_opt) = 0005
Symbol: SS.Ready (rldec_opt) = 0001
Symbol: SS.Relea (rldec_opt) = 001B
Symbol: SS.Reset (rldec_opt) = 0003
Symbol: SS.Reten (rldec_opt) = 0016
Symbol: SS.RFM (rldec_opt) = 0018
Symbol: SS.RsBit (rldec_opt) = 001E
Symbol: SS.Size (rldec_opt) = 0002
Symbol: SS.SPT (rldec_opt) = 000B
Symbol: SS.SSig (rldec_opt) = 001A
Symbol: SS.Ticks (rldec_opt) = 0010
Symbol: SS.ULink (rldec_opt) = 0008
Symbol: SS.WFM (rldec_opt) = 0017
Symbol: stack (rldec_opt) = 0060
Symbol: start (rldec_opt) = 0013
Symbol: SVCTNM (rldec_opt) = 0002
Symbol: SVCTSZ (rldec_opt) = 006E
Symbol: SysState (rldec_opt) = 0080
Symbol: Systm (rldec_opt) = 00C0
Symbol: TimOut (rldec_opt) = 0020
Symbol: TimSleep (rldec_opt) = 0040
Symbol: true (rldec_opt) = 0001
Symbol: TURBOS.D (rldec_opt) = 0001
Symbol: TURBOS.D (rldec_opt) = 0000
Symbol: TwosOvfl (rldec_opt) = 0002
Symbol: tylg (rldec_opt) = 0011
Symbol: TypeMask (rldec_opt) = 00F0
Symbol: UPDAT. (rldec_opt) = 0003
Symbol: V$DESC (rldec_opt) = 0004
Symbol: V$DRIV (rldec_opt) = 0000
Symbol: V$FMGR (rldec_opt) = 0006
Symbol: V$STAT (rldec_opt) = 0002
Symbol: V$USRS (rldec_opt) = 0008
Symbol: V.BUSY (rldec_opt) = 0004
Symbol: V.LPRC (rldec_opt) = 0003
Symbol: V.PAGE (rldec_opt) = 0000
Symbol: V.PORT (rldec_opt) = 0001
Symbol: V.USER (rldec_opt) = 0006
Symbol: V.WAKE (rldec_opt) = 0005
Symbol: Vi.Cnt (rldec_opt) = 0000
Symbol: Vi.IFlag (rldec_opt) = 0001
Symbol: Vi.PkSz (rldec_opt) = 0005
Symbol: Vi.Rst (rldec_opt) = 0002
Symbol: Vi.Stat (rldec_opt) = 0004
Symbol: WRITE. (rldec_opt) = 0002
Symbol: Zero (rldec_opt) = 0004
