Symbol: _FF_BOOTING (rlenc_opt) = 0000
Symbol: _FF_UNIFIED_IO (rlenc_opt) = 0000
Symbol: atrv (rlenc_opt) = 0081
Symbol: AttrMask (rlenc_opt) = 00F0
Symbol: BMAPSZ (rlenc_opt) = 0020
Symbol: C$Comma (rlenc_opt) = 002C
Symbol: C$Period (rlenc_opt) = 002E
Symbol: C$Space (rlenc_opt) = 0020
Symbol: Carry (rlenc_opt) = 0001
Symbol: CM$DevCnt (rlenc_opt) = 000D
Symbol: CM$Feature1 (rlenc_opt) = 0016
Symbol: CM$Feature2 (rlenc_opt) = 0017
Symbol: CM$GoMod (rlenc_opt) = 0010
Symbol: CM$MaxMem (rlenc_opt) = 0009
Symbol: CM$OSLevel (rlenc_opt) = 0012
Symbol: CM$OSMajor (rlenc_opt) = 0014
Symbol: CM$OSMinor (rlenc_opt) = 0015
Symbol: CM$OSVer (rlenc_opt) = 0013
Symbol: CM$PollCnt (rlenc_opt) = 000C
Symbol: CM$TickMod (rlenc_opt) = 000E
Symbol: Condem (rlenc_opt) = 0002
Symbol: CRCCon1 (rlenc_opt) = 0080
Symbol: CRCCon23 (rlenc_opt) = 0FE3
Symbol: CRCOff (rlenc_opt) = 0000
Symbol: CRCOn (rlenc_opt) = 0001
Symbol: D$GSTA (rlenc_opt) = 0009
Symbol: D$INIT (rlenc_opt) = 0000
Symbol: D$PSTA (rlenc_opt) = 000C
Symbol: D$READ (rlenc_opt) = 0003
Symbol: D$TERM (rlenc_opt) = 000F
Symbol: D$WRIT (rlenc_opt) = 0006
Symbol: D.AProcQ (rlenc_opt) = 004D
Symbol: D.Boot (rlenc_opt) = 0070
Symbol: D.BTHI (rlenc_opt) = 006C
Symbol: D.BTLO (rlenc_opt) = 006A
Symbol: D.Clock (rlenc_opt) = 006E
Symbol: D.CRC (rlenc_opt) = 0075
Symbol: D.Day (rlenc_opt) = 0055
Symbol: D.DevTbl (rlenc_opt) = 0064
Symbol: D.FIRQ (rlenc_opt) = 0030
Symbol: D.FMBM (rlenc_opt) = 0020
Symbol: D.Hour (rlenc_opt) = 0056
Symbol: D.Init (rlenc_opt) = 002A
Symbol: D.IOMH (rlenc_opt) = 0062
Symbol: D.IOML (rlenc_opt) = 0060
Symbol: D.IRQ (rlenc_opt) = 0032
Symbol: D.Min (rlenc_opt) = 0057
Symbol: D.MLIM (rlenc_opt) = 0024
Symbol: D.ModDir (rlenc_opt) = 0026
Symbol: D.Month (rlenc_opt) = 0054
Symbol: D.NMI (rlenc_opt) = 0036
Symbol: D.Poll (rlenc_opt) = 003A
Symbol: D.PolTbl (rlenc_opt) = 0066
Symbol: D.PrcDBT (rlenc_opt) = 0049
Symbol: D.Proc (rlenc_opt) = 004B
Symbol: D.PthDBT (rlenc_opt) = 0068
Symbol: D.Sec (rlenc_opt) = 0058
Symbol: D.Slice (rlenc_opt) = 0048
Symbol: D.SProcQ (rlenc_opt) = 0051
Symbol: D.SvcIRQ (rlenc_opt) = 0038
Symbol: D.SWI (rlenc_opt) = 0034
Symbol: D.SWI2 (rlenc_opt) = 002E
Symbol: D.SWI3 (rlenc_opt) = 002C
Symbol: D.SysDis (rlenc_opt) = 0046
Symbol: D.SysIRQ (rlenc_opt) = 003E
Symbol: D.SysSvc (rlenc_opt) = 0042
Symbol: D.Tick (rlenc_opt) = 005D
Symbol: D.Ticks (rlenc_opt) = 0059
Symbol: D.Time (rlenc_opt) = 0053
Symbol: D.TSec (rlenc_opt) = 005E
Symbol: D.TSlice (rlenc_opt) = 005F
Symbol: D.URtoSs (rlenc_opt) = 0071
Symbol: D.UsrDis (rlenc_opt) = 0044
Symbol: D.UsrIRQ (rlenc_opt) = 003C
Symbol: D.UsrSvc (rlenc_opt) = 0040
Symbol: D.VIRQTable (rlenc_opt) = 0073
Symbol: D.WProcQ (rlenc_opt) = 004F
Symbol: D.XFIRQ (rlenc_opt) = 010F
Symbol: D.XIRQ (rlenc_opt) = 010C
Symbol: D.XNMI (rlenc_opt) = 0109
Symbol: D.XSWI (rlenc_opt) = 0106
Symbol: D.XSWI2 (rlenc_opt) = 0103
Symbol: D.XSWI3 (rlenc_opt) = 0100
Symbol: D.Year (rlenc_opt) = 0053
Symbol: Data (rlenc_opt) = 0040
Symbol: Dead (rlenc_opt) = 0001
Symbol: DefIOSiz (rlenc_opt) = 000C
Symbol: dest (rlenc_opt) = 0020
Symbol: Devic (rlenc_opt) = 00F0
Symbol: DEVSIZ (rlenc_opt) = 0009
Symbol: DIR. (rlenc_opt) = 0080
Symbol: Drivr (rlenc_opt) = 00E0
Symbol: DT.Pipe (rlenc_opt) = 0002
Symbol: DT.RBF (rlenc_opt) = 0001
Symbol: DT.SCF (rlenc_opt) = 0000
Symbol: E$BMCRC (rlenc_opt) = 00E8
Symbol: E$BMHP (rlenc_opt) = 00EC
Symbol: E$BMID (rlenc_opt) = 00CD
Symbol: E$BMode (rlenc_opt) = 00CB
Symbol: E$BNam (rlenc_opt) = 00EB
Symbol: E$BPAddr (rlenc_opt) = 00D2
Symbol: E$BPNam (rlenc_opt) = 00D7
Symbol: E$BPNum (rlenc_opt) = 00C9
Symbol: E$BPrcID (rlenc_opt) = 00E0
Symbol: E$BTyp (rlenc_opt) = 00F9
Symbol: E$CEF (rlenc_opt) = 00DA
Symbol: E$CRC (rlenc_opt) = 00F3
Symbol: E$DeadLk (rlenc_opt) = 00FE
Symbol: E$DelSP (rlenc_opt) = 00DF
Symbol: E$DevBsy (rlenc_opt) = 00FA
Symbol: E$DevOvf (rlenc_opt) = 00CC
Symbol: E$DIDC (rlenc_opt) = 00FB
Symbol: E$DirFul (rlenc_opt) = 00CE
Symbol: E$DNE (rlenc_opt) = 00EE
Symbol: E$EOF (rlenc_opt) = 00D3
Symbol: E$FNA (rlenc_opt) = 00D6
Symbol: E$Full (rlenc_opt) = 00F8
Symbol: E$IBA (rlenc_opt) = 00DB
Symbol: E$IForkP (rlenc_opt) = 00E6
Symbol: E$IPrcID (rlenc_opt) = 00E0
Symbol: E$ISWI (rlenc_opt) = 00E3
Symbol: E$KwnMod (rlenc_opt) = 00E7
Symbol: E$Lock (rlenc_opt) = 00FC
Symbol: E$MemFul (rlenc_opt) = 00CF
Symbol: E$MNF (rlenc_opt) = 00DD
Symbol: E$ModBsy (rlenc_opt) = 00D1
Symbol: E$NEMod (rlenc_opt) = 00EA
Symbol: E$NES (rlenc_opt) = 00D5
Symbol: E$NoChld (rlenc_opt) = 00E2
Symbol: E$NoRAM (rlenc_opt) = 00ED
Symbol: E$NoTask (rlenc_opt) = 00EF
Symbol: E$NotRdy (rlenc_opt) = 00F6
Symbol: E$PNNF (rlenc_opt) = 00D8
Symbol: E$Poll (rlenc_opt) = 00CA
Symbol: E$PrcAbt (rlenc_opt) = 00E4
Symbol: E$PrcFul (rlenc_opt) = 00E5
Symbol: E$PthFul (rlenc_opt) = 00C8
Symbol: E$Read (rlenc_opt) = 00F4
Symbol: E$Sect (rlenc_opt) = 00F1
Symbol: E$Seek (rlenc_opt) = 00F7
Symbol: E$Share (rlenc_opt) = 00FD
Symbol: E$SLF (rlenc_opt) = 00D9
Symbol: E$Unit (rlenc_opt) = 00F0
Symbol: E$UnkSvc (rlenc_opt) = 00D0
Symbol: E$USigP (rlenc_opt) = 00E9
Symbol: E$WP (rlenc_opt) = 00F2
Symbol: E$Write (rlenc_opt) = 00F5
Symbol: edition (rlenc_opt) = 0001
Symbol: Entire (rlenc_opt) = 0080
Symbol: eom (rlenc_opt) = 002F
Symbol: EXEC. (rlenc_opt) = 0004
Symbol: F$All64 (rlenc_opt) = 0030
Symbol: F$AllBit (rlenc_opt) = 0011
Symbol: F$AProc (rlenc_opt) = 002C
Symbol: F$Chain (rlenc_opt) = 0005
Symbol: F$CmpNam (rlenc_opt) = 000F
Symbol: F$CRC (rlenc_opt) = 0015
Symbol: F$DelBit (rlenc_opt) = 0012
Symbol: F$Exit (rlenc_opt) = 0006
Symbol: F$Find64 (rlenc_opt) = 002F
Symbol: F$Fork (rlenc_opt) = 0003
Symbol: F$Icpt (rlenc_opt) = 0009
Symbol: F$ID (rlenc_opt) = 000B
Symbol: F$IODel (rlenc_opt) = 0033
Symbol: F$IOQu (rlenc_opt) = 002B
Symbol: F$IRQ (rlenc_opt) = 002A
Symbol: F$Link (rlenc_opt) = 0000
Symbol: F$Load (rlenc_opt) = 0001
Symbol: F$Mem (rlenc_opt) = 0007
Symbol: F$NProc (rlenc_opt) = 002D
Symbol: F$PrsNam (rlenc_opt) = 000E
Symbol: F$Ret64 (rlenc_opt) = 0031
Symbol: F$SchBit (rlenc_opt) = 0010
Symbol: F$Send (rlenc_opt) = 0008
Symbol: F$Sleep (rlenc_opt) = 000A
Symbol: F$SPrior (rlenc_opt) = 000C
Symbol: F$SRqMem (rlenc_opt) = 0028
Symbol: F$SRtMem (rlenc_opt) = 0029
Symbol: F$SSvc (rlenc_opt) = 0032
Symbol: F$SSWI (rlenc_opt) = 000D
Symbol: F$STime (rlenc_opt) = 0014
Symbol: F$Time (rlenc_opt) = 0013
Symbol: F$UnLink (rlenc_opt) = 0002
Symbol: F$VIRQ (rlenc_opt) = 0027
Symbol: F$VModul (rlenc_opt) = 002E
Symbol: F$Wait (rlenc_opt) = 0004
Symbol: false (rlenc_opt) = 0000
Symbol: FIRQMask (rlenc_opt) = 0040
Symbol: FlMgr (rlenc_opt) = 00D0
Symbol: FMCDIR (rlenc_opt) = 0009
Symbol: FMCLOS (rlenc_opt) = 0024
Symbol: FMCREA (rlenc_opt) = 0000
Symbol: FMDLET (rlenc_opt) = 000C
Symbol: FMGSTA (rlenc_opt) = 001E
Symbol: FMMDIR (rlenc_opt) = 0006
Symbol: FMOPEN (rlenc_opt) = 0003
Symbol: FMRDLN (rlenc_opt) = 0018
Symbol: FMREAD (rlenc_opt) = 0012
Symbol: FMSEEK (rlenc_opt) = 000F
Symbol: FMSSTA (rlenc_opt) = 0021
Symbol: FMWRIT (rlenc_opt) = 0015
Symbol: FMWRLN (rlenc_opt) = 001B
Symbol: forever (rlenc_opt) = 001A
Symbol: HalfCrry (rlenc_opt) = 0020
Symbol: I$Attach (rlenc_opt) = 0080
Symbol: I$ChgDir (rlenc_opt) = 0086
Symbol: I$Close (rlenc_opt) = 008F
Symbol: I$Create (rlenc_opt) = 0083
Symbol: I$Delete (rlenc_opt) = 0087
Symbol: I$DeletX (rlenc_opt) = 0090
Symbol: I$Detach (rlenc_opt) = 0081
Symbol: I$Dup (rlenc_opt) = 0082
Symbol: I$GetStt (rlenc_opt) = 008D
Symbol: I$MakDir (rlenc_opt) = 0085
Symbol: I$Open (rlenc_opt) = 0084
Symbol: I$Read (rlenc_opt) = 0089
Symbol: I$ReadLn (rlenc_opt) = 008B
Symbol: I$Seek (rlenc_opt) = 0088
Symbol: I$SetStt (rlenc_opt) = 008E
Symbol: I$Write (rlenc_opt) = 008A
Symbol: I$WritLn (rlenc_opt) = 008C
Symbol: ImgChg (rlenc_opt) = 0010
Symbol: IntMasks (rlenc_opt) = 0050
Symbol: IRQMask (rlenc_opt) = 0010
Symbol: ISIZ. (rlenc_opt) = 0020
Symbol: IT.DTP (rlenc_opt) = 0012
Symbol: LangMask (rlenc_opt) = 000F
Symbol: M$DTyp (rlenc_opt) = 0012
Symbol: M$Exec (rlenc_opt) = 0009
Symbol: M$FMgr (rlenc_opt) = 0009
Symbol: M$ID (rlenc_opt) = 0000
Symbol: M$ID1 (rlenc_opt) = 0087
Symbol: M$ID12 (rlenc_opt) = 87CD
Symbol: M$ID2 (rlenc_opt) = 00CD
Symbol: M$IDSize (rlenc_opt) = 0009
Symbol: M$Mem (rlenc_opt) = 000B
Symbol: M$Mode (rlenc_opt) = 000D
Symbol: M$Name (rlenc_opt) = 0004
Symbol: M$Opt (rlenc_opt) = 0011
Symbol: M$Parity (rlenc_opt) = 0008
Symbol: M$PDev (rlenc_opt) = 000B
Symbol: M$Port (rlenc_opt) = 000E
Symbol: M$Revs (rlenc_opt) = 0007
Symbol: M$Size (rlenc_opt) = 0002
Symbol: M$Type (rlenc_opt) = 0006
Symbol: MD$ESize (rlenc_opt) = 0004
Symbol: MD$Link (rlenc_opt) = 0002
Symbol: MD$MPtr (rlenc_opt) = 0000
Symbol: name (rlenc_opt) = 000D
Symbol: Negative (rlenc_opt) = 0008
Symbol: NumPaths (rlenc_opt) = 0010
Symbol: Objct (rlenc_opt) = 0001
Symbol: P$ADDR (rlenc_opt) = 0007
Symbol: P$Age (rlenc_opt) = 000C
Symbol: P$CHAP (rlenc_opt) = 0006
Symbol: P$CID (rlenc_opt) = 0003
Symbol: P$DIO (rlenc_opt) = 001A
Symbol: P$ID (rlenc_opt) = 0000
Symbol: P$IOQN (rlenc_opt) = 0011
Symbol: P$IOQP (rlenc_opt) = 0010
Symbol: P$NIO (rlenc_opt) = 003B
Symbol: P$PagCnt (rlenc_opt) = 0008
Symbol: P$PATH (rlenc_opt) = 0026
Symbol: P$PID (rlenc_opt) = 0001
Symbol: P$PModul (rlenc_opt) = 0012
Symbol: P$Prior (rlenc_opt) = 000B
Symbol: P$Queue (rlenc_opt) = 000E
Symbol: P$SID (rlenc_opt) = 0002
Symbol: P$SigDat (rlenc_opt) = 0039
Symbol: P$Signal (rlenc_opt) = 0036
Symbol: P$SigVec (rlenc_opt) = 0037
Symbol: P$Size (rlenc_opt) = 0040
Symbol: P$SP (rlenc_opt) = 0004
Symbol: P$State (rlenc_opt) = 000D
Symbol: P$SWI (rlenc_opt) = 0014
Symbol: P$SWI2 (rlenc_opt) = 0016
Symbol: P$SWI3 (rlenc_opt) = 0018
Symbol: P$User (rlenc_opt) = 0009
Symbol: PD.BUF (rlenc_opt) = 0008
Symbol: PD.CNT (rlenc_opt) = 0002
Symbol: PD.CPR (rlenc_opt) = 0005
Symbol: PD.DEV (rlenc_opt) = 0003
Symbol: PD.DTP (rlenc_opt) = 0020
Symbol: PD.FST (rlenc_opt) = 000A
Symbol: PD.MOD (rlenc_opt) = 0001
Symbol: PD.OPT (rlenc_opt) = 0020
Symbol: PD.PD (rlenc_opt) = 0000
Symbol: PD.RGS (rlenc_opt) = 0006
Symbol: PDELIM (rlenc_opt) = 002F
Symbol: PDIR (rlenc_opt) = 002E
Symbol: PDSIZE (rlenc_opt) = 0040
Symbol: PENTIR (rlenc_opt) = 0040
Symbol: PEXEC. (rlenc_opt) = 0020
Symbol: POLSIZ (rlenc_opt) = 0009
Symbol: PREAD. (rlenc_opt) = 0008
Symbol: Prgrm (rlenc_opt) = 0010
Symbol: PWRIT. (rlenc_opt) = 0010
Symbol: Q$Flip (rlenc_opt) = 0002
Symbol: Q$Mask (rlenc_opt) = 0003
Symbol: Q$Poll (rlenc_opt) = 0000
Symbol: Q$Prty (rlenc_opt) = 0008
Symbol: Q$Serv (rlenc_opt) = 0004
Symbol: Q$Stat (rlenc_opt) = 0006
Symbol: R$A (rlenc_opt) = 0001
Symbol: R$B (rlenc_opt) = 0002
Symbol: R$CC (rlenc_opt) = 0000
Symbol: R$D (rlenc_opt) = 0001
Symbol: R$DP (rlenc_opt) = 0003
Symbol: R$PC (rlenc_opt) = 000A
Symbol: R$Size (rlenc_opt) = 000C
Symbol: R$U (rlenc_opt) = 0008
Symbol: R$X (rlenc_opt) = 0004
Symbol: R$Y (rlenc_opt) = 0006
Symbol: READ. (rlenc_opt) = 0001
Symbol: ReEnt (rlenc_opt) = 0080
Symbol: rev (rlenc_opt) = 0001
Symbol: RevsMask (rlenc_opt) = 000F
Symbol: rlenc (rlenc_opt) = 002B
Symbol: S$Abort (rlenc_opt) = 0002
Symbol: S$Intrpt (rlenc_opt) = 0003
Symbol: S$Kill (rlenc_opt) = 0000
Symbol: S$Wake (rlenc_opt) = 0001
Symbol: Sbrtn (rlenc_opt) = 0020
Symbol: SHARE. (rlenc_opt) = 0040
Symbol: sighandler (rlenc_opt) = 0022
Symbol: Sign (rlenc_opt) = 0080
Symbol: size (rlenc_opt) = 0128
Symbol: source (rlenc_opt) = 0000
Symbol: sourcesize (rlenc_opt) = 0020
Symbol: SS.BlkRd (rlenc_opt) = 0014
Symbol: SS.BlkWr (rlenc_opt) = 0015
Symbol: SS.Close (rlenc_opt) = 002A
Symbol: SS.ComSt (rlenc_opt) = 0028
Symbol: SS.DCmd (rlenc_opt) = 000D
Symbol: SS.DevNm (rlenc_opt) = 000E
Symbol: SS.ELog (rlenc_opt) = 0019
Symbol: SS.EOF (rlenc_opt) = 0006
Symbol: SS.FD (rlenc_opt) = 000F
Symbol: SS.Frz (rlenc_opt) = 000A
Symbol: SS.FSig (rlenc_opt) = 002C
Symbol: SS.HngUp (rlenc_opt) = 002B
Symbol: SS.Link (rlenc_opt) = 0007
Symbol: SS.Lock (rlenc_opt) = 0011
Symbol: SS.Open (rlenc_opt) = 0029
Symbol: SS.Opt (rlenc_opt) = 0000
Symbol: SS.Pos (rlenc_opt) = 0005
Symbol: SS.Ready (rlenc_opt) = 0001
Symbol: SS.Relea (rlenc_opt) = 001B
Symbol: SS.Reset (rlenc_opt) = 0003
Symbol: SS.Reten (rlenc_opt) = 0016
Symbol: SS.RFM (rlenc_opt) = 0018
Symbol: SS.RsBit (rlenc_opt) = 001E
Symbol: SS.Size (rlenc_opt) = 0002
Symbol: SS.SPT (rlenc_opt) = 000B
Symbol: SS.SSig (rlenc_opt) = 001A
Symbol: SS.Ticks (rlenc_opt) = 0010
Symbol: SS.ULink (rlenc_opt) = 0008
Symbol: SS.WFM (rlenc_opt) = 0017
Symbol: stack (rlenc_opt) = 0060
Symbol: start (rlenc_opt) = 0013
Symbol: SVCTNM (rlenc_opt) = 0002
Symbol: SVCTSZ (rlenc_opt) = 006E
Symbol: SysState (rlenc_opt) = 0080
Symbol: Systm (rlenc_opt) = 00C0
Symbol: TimOut (rlenc_opt) = 0020
Symbol: TimSleep (rlenc_opt) = 0040
Symbol: true (rlenc_opt) = 0001
Symbol: TURBOS.D (rlenc_opt) = 0001
Symbol: TURBOS.D (rlenc_opt) = 0000
Symbol: TwosOvfl (rlenc_opt) = 0002
Symbol: tylg (rlenc_opt) = 0011
Symbol: TypeMask (rlenc_opt) = 00F0
Symbol: UPDAT. (rlenc_opt) = 0003
Symbol: V$DESC (rlenc_opt) = 0004
Symbol: V$DRIV (rlenc_opt) = 0000
Symbol: V$FMGR (rlenc_opt) = 0006
Symbol: V$STAT (rlenc_opt) = 0002
Symbol: V$USRS (rlenc_opt) = 0008
Symbol: V.BUSY (rlenc_opt) = 0004
Symbol: V.LPRC (rlenc_opt) = 0003
Symbol: V.PAGE (rlenc_opt) = 0000
Symbol: V.PORT (rlenc_opt) = 0001
Symbol: V.USER (rlenc_opt) = 0006
Symbol: V.WAKE (rlenc_opt) = 0005
Symbol: Vi.Cnt (rlenc_opt) = 0000
Symbol: Vi.IFlag (rlenc_opt) = 0001
Symbol: Vi.PkSz (rlenc_opt) = 0005
Symbol: Vi.Rst (rlenc_opt) = 0002
Symbol: Vi.Stat (rlenc_opt) = 0004
Symbol: WRITE. (rlenc_opt) = 0002
Symbol: Zero (rlenc_opt) = 0004
