   1               		.file	"heap_1.c"
   2               	__SP_H__ = 0x3e
   3               	__SP_L__ = 0x3d
   4               	__SREG__ = 0x3f
   5               	__tmp_reg__ = 0
   6               	__zero_reg__ = 1
   7               		.text
   8               	.global	pvPortMalloc
  10               	pvPortMalloc:
  11 0000 0F93      		push r16
  12 0002 1F93      		push r17
  13 0004 CF93      		push r28
  14 0006 DF93      		push r29
  15               	/* prologue: function */
  16               	/* frame size = 0 */
  17               	/* stack size = 4 */
  18               	.L__stack_usage = 4
  19 0008 EC01      		movw r28,r24
  20 000a 0E94 0000 		call vTaskSuspendAll
  21 000e 8091 0000 		lds r24,pucAlignedHeap.2002
  22 0012 9091 0000 		lds r25,pucAlignedHeap.2002+1
  23 0016 892B      		or r24,r25
  24 0018 01F4      		brne .L2
  25 001a 80E0      		ldi r24,lo8(ucHeap)
  26 001c 90E0      		ldi r25,hi8(ucHeap)
  27 001e 9093 0000 		sts pucAlignedHeap.2002+1,r25
  28 0022 8093 0000 		sts pucAlignedHeap.2002,r24
  29               	.L2:
  30 0026 2097      		sbiw r28,0
  31 0028 01F0      		breq .L6
  32 002a 8091 0000 		lds r24,xNextFreeByte
  33 002e 9091 0000 		lds r25,xNextFreeByte+1
  34 0032 C80F      		add r28,r24
  35 0034 D91F      		adc r29,r25
  36 0036 CB3D      		cpi r28,-37
  37 0038 25E0      		ldi r18,5
  38 003a D207      		cpc r29,r18
  39 003c 00F4      		brsh .L6
  40 003e 8C17      		cp r24,r28
  41 0040 9D07      		cpc r25,r29
  42 0042 00F4      		brsh .L6
  43 0044 0091 0000 		lds r16,pucAlignedHeap.2002
  44 0048 1091 0000 		lds r17,pucAlignedHeap.2002+1
  45 004c 080F      		add r16,r24
  46 004e 191F      		adc r17,r25
  47 0050 D093 0000 		sts xNextFreeByte+1,r29
  48 0054 C093 0000 		sts xNextFreeByte,r28
  49               	.L3:
  50 0058 0E94 0000 		call xTaskResumeAll
  51 005c C801      		movw r24,r16
  52               	/* epilogue start */
  53 005e DF91      		pop r29
  54 0060 CF91      		pop r28
  55 0062 1F91      		pop r17
  56 0064 0F91      		pop r16
  57 0066 0895      		ret
  58               	.L6:
  59 0068 10E0      		ldi r17,0
  60 006a 00E0      		ldi r16,0
  61 006c 00C0      		rjmp .L3
  63               	.global	vPortFree
  65               	vPortFree:
  66               	/* prologue: function */
  67               	/* frame size = 0 */
  68               	/* stack size = 0 */
  69               	.L__stack_usage = 0
  70               	/* epilogue start */
  71 006e 0895      		ret
  73               	.global	vPortInitialiseBlocks
  75               	vPortInitialiseBlocks:
  76               	/* prologue: function */
  77               	/* frame size = 0 */
  78               	/* stack size = 0 */
  79               	.L__stack_usage = 0
  80 0070 1092 0000 		sts xNextFreeByte+1,__zero_reg__
  81 0074 1092 0000 		sts xNextFreeByte,__zero_reg__
  82               	/* epilogue start */
  83 0078 0895      		ret
  85               	.global	xPortGetFreeHeapSize
  87               	xPortGetFreeHeapSize:
  88               	/* prologue: function */
  89               	/* frame size = 0 */
  90               	/* stack size = 0 */
  91               	.L__stack_usage = 0
  92 007a 2091 0000 		lds r18,xNextFreeByte
  93 007e 3091 0000 		lds r19,xNextFreeByte+1
  94 0082 8BED      		ldi r24,lo8(-37)
  95 0084 95E0      		ldi r25,lo8(5)
  96 0086 821B      		sub r24,r18
  97 0088 930B      		sbc r25,r19
  98               	/* epilogue start */
  99 008a 0895      		ret
 101               		.local	pucAlignedHeap.2002
 102               		.comm	pucAlignedHeap.2002,2,1
 103               		.local	xNextFreeByte
 104               		.comm	xNextFreeByte,2,1
 105               		.local	ucHeap
 106               		.comm	ucHeap,1500,1
 107               		.ident	"GCC: (Homebrew AVR GCC 9.4.0_1) 9.4.0"
 108               	.global __do_clear_bss
DEFINED SYMBOLS
                            *ABS*:00000000 heap_1.c
/var/folders/3d/13w4bc9x6mn9610qshvlyy6r0000gn/T//cc8kIU0L.s:2      *ABS*:0000003e __SP_H__
/var/folders/3d/13w4bc9x6mn9610qshvlyy6r0000gn/T//cc8kIU0L.s:3      *ABS*:0000003d __SP_L__
/var/folders/3d/13w4bc9x6mn9610qshvlyy6r0000gn/T//cc8kIU0L.s:4      *ABS*:0000003f __SREG__
/var/folders/3d/13w4bc9x6mn9610qshvlyy6r0000gn/T//cc8kIU0L.s:5      *ABS*:00000000 __tmp_reg__
/var/folders/3d/13w4bc9x6mn9610qshvlyy6r0000gn/T//cc8kIU0L.s:6      *ABS*:00000001 __zero_reg__
/var/folders/3d/13w4bc9x6mn9610qshvlyy6r0000gn/T//cc8kIU0L.s:10     .text:00000000 pvPortMalloc
                             .bss:00000000 pucAlignedHeap.2002
/var/folders/3d/13w4bc9x6mn9610qshvlyy6r0000gn/T//cc8kIU0L.s:104    .bss:00000004 ucHeap
/var/folders/3d/13w4bc9x6mn9610qshvlyy6r0000gn/T//cc8kIU0L.s:102    .bss:00000002 xNextFreeByte
/var/folders/3d/13w4bc9x6mn9610qshvlyy6r0000gn/T//cc8kIU0L.s:65     .text:0000006e vPortFree
/var/folders/3d/13w4bc9x6mn9610qshvlyy6r0000gn/T//cc8kIU0L.s:75     .text:00000070 vPortInitialiseBlocks
/var/folders/3d/13w4bc9x6mn9610qshvlyy6r0000gn/T//cc8kIU0L.s:87     .text:0000007a xPortGetFreeHeapSize
/var/folders/3d/13w4bc9x6mn9610qshvlyy6r0000gn/T//cc8kIU0L.s:29     .text:00000026 .L2
/var/folders/3d/13w4bc9x6mn9610qshvlyy6r0000gn/T//cc8kIU0L.s:58     .text:00000068 .L6
/var/folders/3d/13w4bc9x6mn9610qshvlyy6r0000gn/T//cc8kIU0L.s:49     .text:00000058 .L3

UNDEFINED SYMBOLS
vTaskSuspendAll
xTaskResumeAll
__do_clear_bss
